/a/xiangmuguanli/2021/0823/77.html				https://ones.cn/blog/articles/demand-survey;
/a/xiangmuguanli/2021/0823/76.html				https://ones.cn/blog/articles/responsibilities-of-product-manager;
/a/xiangmuguanli/2021/0823/75.html				https://ones.cn/blog/articles/communication-management;
/a/xiangmuguanli/2021/0823/74.html				https://ones.cn/blog/articles/gantt-chart;
/a/xiangmuguanli/2021/0821/73.html				https://ones.cn/blog/articles/work-content-of-the-project-manager;
/a/xiangmuguanli/2021/0821/72.html				https://ones.cn/blog/articles/product-development-process;
/a/xiangmuguanli/2021/0821/71.html				https://ones.cn/blog/articles/requirement-analysis;
/a/xiangmuguanli/2021/0830/81.html				https://ones.cn/blog/articles/software-project-management-process;
/a/xiangmuguanli/2021/0830/80.html				https://ones.cn/blog/articles/b-end-product-manager-and-c-end-product-manager;
/a/xiangmuguanli/2021/0903/82.html				https://ones.cn/blog/articles/project-management-process;
/a/xiangmuguanli/2021/0909/85.html				https://ones.cn/blog/articles/research-and-development-process-management-tools;
/a/xiangmuguanli/2021/0909/84.html				https://ones.cn/blog/articles/research-and-development-project-management-system;
/a/xiangmuguanli/2021/0909/83.html				https://ones.cn/blog/articles/enterprise-information-management;
/a/xiangmuguanli/2021/0915/87.html				https://ones.cn/blog/articles/what-is-agile-kanban;
/a/xiangmuguanli/2021/0915/86.html				https://ones.cn/blog/articles/positioning-of-product-manager;
/a/xiangmuguanli/2021/0917/90.html				https://ones.cn/blog/articles/research-and-development-project-plan-management;
/a/xiangmuguanli/2021/0917/89.html				https://ones.cn/blog/articles/product-research-and-development-management;
/a/xiangmuguanli/2021/0917/88.html				https://ones.cn/blog/articles/schedule-management;
/a/xiangmuguanli/2021/1022/95.html				https://ones.cn/blog/articles/project-management-content;
/a/xiangmuguanli/2021/1022/96.html				https://ones.cn/blog/articles/the-importance-and-significance-of-teamwork;
/a/xiangmuguanli/2021/1029/99.html				https://ones.cn/blog/articles/how-does-the-project-manager-manage-the-team;
/a/xiangmuguanli/2021/1029/97.html				https://ones.cn/blog/articles/standardized-project-management;
/a/xiangmuguanli/2021/1105/100.html				https://ones.cn/blog/articles/team-performance-management;
/a/xiangmuguanli/2021/1105/101.html				https://ones.cn/blog/articles/project-management-ability;
/a/xiangmuguanli/2021/1112/102.html				https://ones.cn/blog/articles/software-testing-process;
/a/xiangmuguanli/2021/1119/103.html				https://ones.cn/blog/articles/research-and-development-project-management;
/a/xiangmuguanli/2021/1122/104.html				https://ones.cn/blog/articles/project-schedule-management;
/a/xiangmuguanli/2021/1126/105.html				https://ones.cn/blog/articles/research-and-development-management-of-different-companies;
/a/xiangmuguanli/2021/1129/106.html				https://ones.cn/blog/articles/project-management;
/a/xiangmuguanli/2021/1203/107.html				https://ones.cn/blog/articles/gantt-chart-progress-plan;
/a/xiangmuguanli/2021/1206/109.html				https://ones.cn/blog/articles/eight-elements-of-project-management;
/a/xiangmuguanli/2021/1210/110.html				https://ones.cn/blog/articles/improve-project-management-efficiency;
/a/xiangmuguanli/2021/1210/111.html				https://ones.cn/blog/articles/project-plan-management;
/a/xiangmuguanli/2021/1213/112.html				https://ones.cn/blog/articles/file-management;
/a/xiangmuguanli/2021/1220/113.html				https://ones.cn/blog/articles/three-approaches-to-project-management;
/a/xiangmuguanli/2021/1220/114.html				https://ones.cn/blog/articles/responsibilities-of-product-manager-and-project-manager;
/a/xiangmuguanli/2021/1227/115.html				https://ones.cn/blog/articles/performance-management;
/a/xiangmuguanli/2021/1227/116.html				https://ones.cn/blog/articles/internet-product-research-and-development-process;
/a/xiangmuguanli/2022/0104/117.html				https://ones.cn/blog/articles/how-to-make-a-schedule;
/a/xiangmuguanli/2022/0104/118.html				https://ones.cn/blog/articles/research-and-development-efficiency;
/a/xiangmuguanli/2022/0110/120.html				https://ones.cn/blog/articles/the-project-schedule;
/a/xiangmuguanli/2022/0110/121.html				https://ones.cn/blog/articles/project-communication-management;
/a/xiangmuguanli/2022/0117/123.html				https://ones.cn/blog/articles/what-does-a-project-manager-do;
/a/xiangmuguanli/2022/0117/124.html				https://ones.cn/blog/articles/knowledge-and-skills-of-it-project-manager;
/a/xiangmuguanli/2022/0124/125.html				https://ones.cn/blog/articles/project-scope-management;
/a/xiangmuguanli/2022/0124/126.html				https://ones.cn/blog/articles/first-time-as-project-manager;
/a/xiangmuguanli/2022/0207/127.html				https://ones.cn/blog/articles/the-project-manager-manages-the-team;
/a/xiangmuguanli/2022/0207/128.html				https://ones.cn/blog/articles/project-work;
/a/xiangmuguanli/2022/0214/129.html				https://ones.cn/blog/articles/demand-change;
/a/xiangmuguanli/2022/0214/130.html				https://ones.cn/blog/articles/project-milestones;
/a/xiangmuguanli/2022/0221/131.html				https://ones.cn/blog/articles/test-case;
/a/xiangmuguanli/2022/0221/132.html				https://ones.cn/blog/articles/test-management;
/a/xiangmuguanli/2022/0228/133.html				https://ones.cn/blog/articles/make-a-gantt-chart;
/a/xiangmuguanli/2022/0228/134.html				https://ones.cn/blog/articles/how-to-make-gantt-chart;
/a/xiangmuguanli/2022/0307/135.html				https://ones.cn/blog/articles/project-management-of-r-and-d-team;
/a/xiangmuguanli/2022/0307/136.html				https://ones.cn/blog/articles/project-management-software;
/a/xiangmuguanli/2022/0314/137.html				https://ones.cn/blog/articles/research-and-development-management;
/a/xiangmuguanli/2022/0314/138.html				https://ones.cn/blog/articles/project-schedule;
/a/xiangmuguanli/2022/0321/139.html				https://ones.cn/blog/articles/manage-project-progress;
/a/xiangmuguanli/2022/0321/140.html				https://ones.cn/blog/articles/project-planning-sheet;
/a/xiangmuguanli/2022/0328/141.html				https://ones.cn/blog/articles/project-mission-management;
/a/xiangmuguanli/2022/0328/142.html				https://ones.cn/blog/articles/what-is-the-devops;
/a/xiangmuguanli/2022/0406/143.html				https://ones.cn/blog/articles/project-progress-management;
/a/xiangmuguanli/2022/0406/144.html				https://ones.cn/blog/articles/method-of-making-test-cases;
/a/xiangmuguanli/2022/0411/146.html				https://ones.cn/blog/articles/schedule-diagram;
/a/xiangmuguanli/2022/0411/147.html				https://ones.cn/blog/articles/control-project-progress;
/a/xiangmuguanli/2022/0418/149.html				https://ones.cn/blog/articles/technical-personnel-transferred-to-project-management;
/a/xiangmuguanli/2022/0418/150.html				https://ones.cn/blog/articles/project-quality-management;
/a/xiangmuguanli/2022/0505/153.html				https://ones.cn/blog/articles/effective-teamwork;
/a/xiangmuguanli/2022/0505/154.html				https://ones.cn/blog/articles/complete-project-management-process;
/a/xiangmuguanli/2022/0505/155.html				https://ones.cn/blog/articles/effectively-control-the-project-schedule;
/a/xiangmuguanli/2022/0509/156.html				https://ones.cn/blog/articles/project-documents-management;
/a/xiangmuguanli/2022/0509/157.html				https://ones.cn/blog/articles/necessary-skills-for-product-manager;
/a/xiangmuguanli/2022/0509/158.html				https://ones.cn/blog/articles/product-research-and-development;
/a/xiangmuguanli/2022/0516/159.html				https://ones.cn/blog/articles/schedule-plan-management;
/a/xiangmuguanli/2022/0516/160.html				https://ones.cn/blog/articles/project-management-plan;
/a/xiangmuguanli/2022/0516/161.html				https://ones.cn/blog/articles/project-change-management;
/a/xiangmuguanli/2022/0523/162.html				https://ones.cn/blog/articles/team-knowledge-base;
/a/xiangmuguanli/2022/0523/163.html				https://ones.cn/blog/articles/write-weekly-project-report;
/a/xiangmuguanli/2022/0523/164.html				https://ones.cn/blog/articles/fixed-iteration-cycle;
/a/xiangmuguanli/2022/0530/165.html				https://ones.cn/blog/articles/requirement-management;
/a/xiangmuguanli/2022/0530/166.html				https://ones.cn/blog/articles/software-test-management;
/a/xiangmuguanli/2022/0530/167.html				https://ones.cn/blog/articles/work-breakdown-structure;
/a/xiangmuguanli/2022/0606/168.html				https://ones.cn/blog/articles/responsibilities-of-a-software-development-project-manager;
/a/xiangmuguanli/2022/0606/169.html				https://ones.cn/blog/articles/effective-communication-management;
/a/xiangmuguanli/2022/0606/170.html				https://ones.cn/blog/articles/the-main-steps-of-demand-research;
/a/xiangmuguanli/2022/0613/171.html				https://ones.cn/blog/articles/enterprise-information-management-content;
/a/xiangmuguanli/2022/0613/172.html				https://ones.cn/blog/articles/r-and-d-management-system-and-process;
/a/xiangmuguanli/2022/0613/173.html				https://ones.cn/blog/articles/what-is-the-pmo;
/a/xiangmuguanli/2022/0620/174.html				https://ones.cn/blog/articles/rogress-management-tools-and-methods;
/a/xiangmuguanli/2022/0620/175.html				https://ones.cn/blog/articles/what-is-agile-development;
/a/xiangmuguanli/2022/0627/176.html				https://ones.cn/blog/articles/efficient-management-requirements;
/a/xiangmuguanli/2022/0627/177.html				https://ones.cn/blog/articles/improve-research-and-development-efficiency;
/a/xiangmuguanli/2022/0627/178.html				https://ones.cn/blog/articles/domain-name-transfer-in-official-website;
/a/xiangmuguanli/2022/0704/179.html				https://ones.cn/blog/articles/making-project-schedule-with-gantt-chart;
/a/xiangmuguanli/2022/0704/180.html				https://ones.cn/blog/articles/B-end-products-and-C-end-products;
/a/xiangmuguanli/2022/0711/181.html				https://ones.cn/blog/articles/responsibilities-of-the-project-manager;
/a/xiangmuguanli/2022/0711/182.html				https://ones.cn/blog/articles/rd-project-management-system-and-process-specification;
/a/xiangmuguanli/2022/0718/183.html				https://ones.cn/blog/articles/three-major-processes-of-project-quality-management;
/a/xiangmuguanli/2022/0718/184.html				https://ones.cn/blog/articles/product-development-process-management;
/a/xiangmuguanli/2022/0725/185.html				https://ones.cn/blog/articles/multi-project-schedule-management;
/a/xiangmuguanli/2022/0725/186.html				https://ones.cn/blog/articles/research-and-development-project-management-knowledge;
/a/xiangmuguanli/2022/0801/187.html				https://ones.cn/blog/articles/suitable-project-management-tools;
/a/xiangmuguanli/2022/0801/188.html				https://ones.cn/blog/articles/rd-performance-management-level;
/a/xiangmuguanli/2022/0808/189.html				https://ones.cn/blog/articles/manage-projects-with-agile-kanban;
/a/xiangmuguanli/2022/0808/190.html				https://ones.cn/blog/articles/the-main-content-of-requirements-management;
/a/xiangmuguanli/2022/0815/192.html				https://ones.cn/blog/articles/improve-team-rd-efficiency;
/a/xiangmuguanli/2022/0815/193.html				https://ones.cn/blog/articles/team-knowledge-management;
/a/xiangmuguanli/2022/0822/194.html				https://ones.cn/blog/articles/management-team-performance;
/a/xiangmuguanli/2022/0822/195.html				https://ones.cn/blog/articles/software-R&D-enterprises-manage-R&D-projects;
/a/xiangmuguanli/2022/0829/196.html				https://ones.cn/blog/articles/project-work-plan;
/a/xiangmuguanli/2022/0829/197.html				https://ones.cn/blog/articles/cross-departmental-communication-management;
/a/xiangmuguanli/2022/0905/198.html				https://ones.cn/blog/articles/project-management-office;
/a/xiangmuguanli/2022/0905/199.html				https://ones.cn/blog/articles/risk-management;
/a/chaojiguandian/2020/1027/2.html				https://ones.cn/blog/articles/duihuacto-2;
/a/gaoxiaoyanfa/2020/1027/3.html				https://ones.cn/blog/articles/gaoxiaoyanfa-4;
/a/chanpinshengji/2020/1027/4.html				https://ones.cn/blog/articles/chanpinshengji-4;
/a/chaojiguandian/2020/1027/5.html				https://ones.cn/blog/articles/duihuacto-5;
/a/yuanchengbangong/2020/1027/7.html			https://ones.cn/blog/articles/tuanduixiezuo-8;
/a/chaojiguandian/2020/1027/8.html				https://ones.cn/blog/articles/duihuacto-8;
/a/chaojiguandian/2020/1027/9.html				https://ones.cn/blog/articles/duihuacto-9;
/a/chaojiguandian/2020/1027/10.html				https://ones.cn/blog/articles/duihuacto-10;
/a/chaojiguandian/2020/1027/11.html				https://ones.cn/blog/articles/duihuacto-11;
/a/guanlizhidao/2020/1027/12.html				https://ones.cn/blog/articles/guanlizhidao-15;
/a/guanlizhidao/2020/1027/13.html				https://ones.cn/blog/articles/guanlizhidao-17;
/a/guanlizhidao/2020/1027/14.html				https://ones.cn/blog/articles/guanlizhidao-18;
/a/gaoxiaoyanfa/2020/1027/15.html				https://ones.cn/blog/articles/gaoxiaoyanfa-16;
/a/guanlizhidao/2020/1027/16.html				https://ones.cn/blog/articles/guanlizhidao-20;
/a/gaoxiaoyanfa/2020/1027/17.html				https://ones.cn/blog/articles/gaoxiaoyanfa-19;
/a/gaoxiaoyanfa/2020/1027/18.html				https://ones.cn/blog/articles/gaoxiaoyanfa-18;
/a/guanlizhidao/2020/1027/19.html				https://ones.cn/blog/articles/guanlizhidao-21;
/a/chaojiguandian/2020/1106/20.html				https://ones.cn/blog/articles/chaojiguandian-20;
/a/gaoxiaoyanfa/2020/1130/24.html				https://ones.cn/blog/articles/gaoxiaoyanfa-24;
/a/duihuaCTO/2020/1202/26.html					https://ones.cn/blog/articles/ones-news-26;
/a/duihuaCTO/2020/1204/28.html					https://ones.cn/blog/articles/ones-news-28;
/a/guanlizhidao/2020/1204/30.html				https://ones.cn/blog/articles/guanlizhidao-30;
/a/gaoxiaoyanfa/2020/1204/31.html				https://ones.cn/blog/articles/gaoxiaoyanfa-31;
/a/chaojiguandian/2020/1204/32.html				https://ones.cn/blog/articles/chaojiguandian-32;
/a/guanlizhidao/2020/1207/33.html				https://ones.cn/blog/articles/guanlizhidao-33;
/a/yuanchengbangong/2020/1207/34.html			https://ones.cn/blog/articles/tuanduixiezuo-34;
/a/guanlizhidao/2020/1207/35.html				https://ones.cn/blog/articles/guanlizhidao-35;
/a/chanpinshengji/2020/1207/36.html				https://ones.cn/blog/articles/chanpindongtai-36;
/a/chanpinshengji/2020/1208/37.html				https://ones.cn/blog/articles/chanpindongtai-37;
/a/chanpinshengji/2020/1209/38.html				https://ones.cn/blog/articles/chanpindongtai-38;
/a/chanpinshengji/2020/1210/39.html				https://ones.cn/blog/articles/chanpindongtai-39;
/a/guanlizhidao/2020/1210/40.html				https://ones.cn/blog/articles/guanlizhidao-40;
/a/yuanchengbangong/2020/1214/41.html			https://ones.cn/blog/articles/tuanduixiezuo-41;
/a/yuanchengbangong/2020/1214/42.html			https://ones.cn/blog/articles/tuanduixiezuo-42;
/a/chaojiguandian/2020/1215/43.html				https://ones.cn/blog/articles/chaojiguandian-43;
/a/chaojiguandian/2020/1215/44.html				https://ones.cn/blog/articles/chaojiguandian-44;
/a/chaojiguandian/2020/1215/45.html				https://ones.cn/blog/articles/chaojiguandian-45;
/a/chaojiguandian/2020/1215/46.html				https://ones.cn/blog/articles/chaojiguandian-46;
/a/duihuaCTO/2020/1216/47.html					https://ones.cn/blog/articles/ones-news-47;
/a/duihuaCTO/2020/1216/48.html					https://ones.cn/blog/articles/ones-news-48;
/a/duihuaCTO/2020/1216/49.html					https://ones.cn/blog/articles/ones-news-49;
/a/chaojiguandian/2020/1216/50.html				https://ones.cn/blog/articles/chaojiguandian-50;
/a/guanlizhidao/2020/1217/51.html				https://ones.cn/blog/articles/guanlizhidao-51;
/a/guanlizhidao/2020/1217/52.html				https://ones.cn/blog/articles/guanlizhidao-52;
/a/guanlizhidao/2020/1217/53.html				https://ones.cn/blog/articles/guanlizhidao-53;
/a/chaojiguandian/2020/1217/54.html				https://ones.cn/blog/articles/chaojiguandian-54;
/a/chaojiguandian/2020/1218/55.html				https://ones.cn/blog/articles/chaojiguandian-55;
/a/chaojiguandian/2020/1218/56.html				https://ones.cn/blog/articles/chaojiguandian-56;
/a/chaojiguandian/2020/1218/57.html				https://ones.cn/blog/articles/chaojiguandian-57;
/a/chaojiguandian/2020/1218/58.html				https://ones.cn/blog/articles/chaojiguandian-58;
/a/chaojiguandian/2020/1218/59.html				https://ones.cn/blog/articles/chaojiguandian-59;
/a/chaojiguandian/2020/1218/60.html				https://ones.cn/blog/articles/chaojiguandian-60;
/a/guanlizhidao/2020/1218/61.html				https://ones.cn/blog/articles/guanlizhidao-61;
/a/chaojiguandian/2020/1218/62.html				https://ones.cn/blog/articles/chaojiguandian-62;
/a/duihuaCTO/2020/1218/63.html					https://ones.cn/blog/articles/ones-news-63;
/a/yuanchengbangong/2020/1225/64.html			https://ones.cn/blog/articles/tuanduixiezuo-64;
/a/gaoxiaoyanfa/2020/1225/65.html				https://ones.cn/blog/articles/gaoxiaoyanfa-65;
/a/guanlizhidao/2021/0118/66.html				https://ones.cn/blog/articles/guanlizhidao-66;
/a/chaojiguandian/2021/0202/68.html				https://ones.cn/blog/articles/chaojiguandian-68;
/a/duihuaCTO/2021/0630/70.html					https://ones.cn/blog/articles/ones-news-70;
/a/duihuaCTO/2021/0823/78.html					https://ones.cn/blog/articles/ones-news-78;
/a/duihuaCTO/2021/0922/91.html					https://ones.cn/blog/articles/ones-news-91;
/a/chaojiguandian/2021/0929/92.html				https://ones.cn/blog/articles/chaojiguandian-92;
/a/duihuaCTO/2021/0929/93.html					https://ones.cn/blog/articles/ones-news-92;
/a/chaojiguandian/2021/0929/94.html				https://ones.cn/blog/articles/chaojiguandian-94;
/a/duihuaCTO/2021/1203/108.html					https://ones.cn/blog/articles/ones-news-108;
/a/duihuaCTO/2022/0107/119.html					https://ones.cn/blog/articles/ones-news-119;
/a/duihuaCTO/2022/0111/122.html					https://ones.cn/blog/articles/ones-news-122;
/a/chaojiguandian/2022/0413/148.html			https://ones.cn/blog/articles/chaojiguandian-149;
/a/duihuaCTO/2022/0504/151.html					https://ones.cn/blog/articles/ones-news-151;
/a/duihuaCTO/2022/0504/152.html					https://ones.cn/blog/articles/ones-news-152;
/a/chanpinshengji/2022/0812/191.html			https://ones.cn/blog/articles/chanpinshengji-191;
/a/xiangmuguanli/2022/0914/200.html	            https://ones.cn/blog/articles/research-and-development-management-tools;
/a/xiangmuguanli/2022/0914/201.html	            https://ones.cn/blog/articles/b-end-product-demand-research;
/a/xiangmuguanli/2022/0919/202.html	            https://ones.cn/blog/articles/improve-team-research-and-development-efficiency;
/a/xiangmuguanli/2022/0919/203.html	            https://ones.cn/blog/articles/project-progress;
/a/xiangmuguanli/2022/0929/204.html             https://ones.cn/blog/articles/project-schedule-diagram;
/a/xiangmuguanli/2022/0929/205.html             https://ones.cn/blog/articles/methods-of-project-management;
/a/guanlizhidao/?tab_type=%E7%AE%A1%E7%90%86%E4%B9%8B%E9%81%93				https://ones.cn/blog/categories/pm-zen/1;
/a/gaoxiaoyanfa/?tab_type=%E9%AB%98%E6%95%88%E7%A0%94%E5%8F%91				https://ones.cn/blog/categories/efficient-rd/1;
/a/yuanchengbangong/?tab_type=%E5%9B%A2%E9%98%9F%E5%8D%8F%E4%BD%9C			https://ones.cn/blog/categories/teamwork/1;
/a/chaojiguandian/?tab_type=%E8%B6%85%E7%BA%A7%E8%A7%82%E7%82%B9			https://ones.cn/blog/categories/talk/1;
/a/chanpinshengji/?tab_type=%E4%BA%A7%E5%93%81%E5%8A%A8%E6%80%81			https://ones.cn/blog/categories/product-news/1;
/a/duihuaCTO/?tab_type=ONES%20%E8%B5%84%E8%AE%AF				            https://ones.cn/blog/categories/ones-news/1;
/a/xiangmuguanli/?tab_type=%E9%A1%B9%E7%9B%AE%E7%AE%A1%E7%90%86             https://ones.cn/blog/categories/pm/1;
/sitemap.xml                                                                https://ones.cn/blog/sitemap_index.xml
https://blog.ones.ai
http://blogdev.ones.ai


























